BLDEA-CSE@DESKTOP-ET8ORPC MINGW64 ~/059 (master)
$ git status
On branch master
nothing to commit, working tree clean

BLDEA-CSE@DESKTOP-ET8ORPC MINGW64 ~/059 (master)
$ git branch
* master

BLDEA-CSE@DESKTOP-ET8ORPC MINGW64 ~/059 (master)
$ git branch feature-branch

BLDEA-CSE@DESKTOP-ET8ORPC MINGW64 ~/059 (master)
$ git branch
  feature-branch
* master

BLDEA-CSE@DESKTOP-ET8ORPC MINGW64 ~/059 (master)
$ git checkout

BLDEA-CSE@DESKTOP-ET8ORPC MINGW64 ~/059 (master)
$ git checkout feature-branch
Switched to branch 'feature-branch'

BLDEA-CSE@DESKTOP-ET8ORPC MINGW64 ~/059 (feature-branch)
$ git branch
* feature-branch
  master

BLDEA-CSE@DESKTOP-ET8ORPC MINGW64 ~/059 (feature-branch)
$ nano cse.txt

BLDEA-CSE@DESKTOP-ET8ORPC MINGW64 ~/059 (feature-branch)
$ git status
On branch feature-branch
Untracked files:
  (use "git add <file>..." to include in what will be committed)
        cse.txt

nothing added to commit but untracked files present (use "git add" to track)

BLDEA-CSE@DESKTOP-ET8ORPC MINGW64 ~/059 (feature-branch)
$ git commit -m "python"
On branch feature-branch
Untracked files:
  (use "git add <file>..." to include in what will be committed)
        cse.txt

nothing added to commit but untracked files present (use "git add" to track)

BLDEA-CSE@DESKTOP-ET8ORPC MINGW64 ~/059 (feature-branch)
$ git add cse.txt
warning: in the working copy of 'cse.txt', LF will be replaced by CRLF the next time Git touches it

BLDEA-CSE@DESKTOP-ET8ORPC MINGW64 ~/059 (feature-branch)
$ git commit -m "python"
[feature-branch 21ee1a7] python
 1 file changed, 1 insertion(+)
 create mode 100644 cse.txt

BLDEA-CSE@DESKTOP-ET8ORPC MINGW64 ~/059 (feature-branch)
$ git push origin feature-branch
Enumerating objects: 4, done.
Counting objects: 100% (4/4), done.
Delta compression using up to 20 threads
Compressing objects: 100% (2/2), done.
Writing objects: 100% (3/3), 295 bytes | 295.00 KiB/s, done.
Total 3 (delta 0), reused 0 (delta 0), pack-reused 0
remote:
remote: Create a pull request for 'feature-branch' on GitHub by visiting:
remote:      https://github.com/lavanya229/lavanya55/pull/new/feature-branch
remote:
To https://github.com/lavanya229/lavanya55
 * [new branch]      feature-branch -> feature-branch

BLDEA-CSE@DESKTOP-ET8ORPC MINGW64 ~/059 (feature-branch)
$ git checkout master
Switched to branch 'master'

BLDEA-CSE@DESKTOP-ET8ORPC MINGW64 ~/059 (master)
$ git merge feature-branch
Updating 863144b..21ee1a7
Fast-forward
 cse.txt | 1 +
 1 file changed, 1 insertion(+)
 create mode 100644 cse.txt

BLDEA-CSE@DESKTOP-ET8ORPC MINGW64 ~/059 (master)
$ git push -u origin master
Total 0 (delta 0), reused 0 (delta 0), pack-reused 0
To https://github.com/lavanya229/lavanya55
   863144b..21ee1a7  master -> master
branch 'master' set up to track 'origin/master'.

BLDEA-CSE@DESKTOP-ET8ORPC MINGW64 ~/059 (master)
$ ^C

BLDEA-CSE@DESKTOP-ET8ORPC MINGW64 ~/059 (master)
$